>>> add_integer = __import__('0-add_integer').add_integer

>>> add_integer(1, 2)
3
>>> add_integer(x, 3)
Traceback (most recent call last):
NameError: name 'x' is not defined
>>> x = [1, 2, 3]
>>> add_integer(x)
Traceback (most recent call last):
TypeError: a must be an integer
>>> add_integer(33.3)
131
>>> add_integer(5.38, 9.23)
14
>>> add_integer('a')
Traceback (most recent call last):
TypeError: a must be an integer
>>> add_integer(-98)
0
>>> add_integer(0,0)
0
>>> add_integer()
Traceback (most recent call last):
TypeError: add_integer() missing 1 required positional argument: 'a'
>>> add_integer(None)
Traceback (most recent call last):
TypeError: a must be an integer
>>> add_integer(float('nan'))
Traceback (most recent call last):
ValueError: cannot convert float NaN to integer
